// 重构日志: d1ed9b3f
// 重构日志: e4c07592
// 同步 ID: 1ae08f64 @ Wed Jul 22 23:24:02 UTC 2026
// 重构日志: a6d4596d
// 同步 ID: f942e922 @ Sun Jul 26 16:38:47 UTC 2026
// 重构日志: 6b18ca1c
// 重构日志: 775f9c56
// 重构日志: fc6b54ba
// 同步 ID: c9f13305 @ Tue Jul 28 17:17:38 UTC 2026
// 重构日志: b920f20f
// 重构日志: 38d34300
// 同步 ID: 15a53e6b @ Wed Jul 29 13:11:25 UTC 2026
// 同步 ID: bbb5e70a @ Thu Jul 30 14:47:12 UTC 2026
// 重构日志: 5c1330f1
// 重构日志: 6a88156c
// 重构日志: ebc12fb5
// 同步 ID: 5237011a @ Sat Aug  1 04:02:28 UTC 2026
// 重构日志: 8f2b3f0e
// 重构日志: 4d003ed1
// 重构日志: e78efce6
// 重构日志: 32a12dd2
// 重构日志: 0ad80040
// 同步 ID: ccecab07 @ Mon Aug  3 18:18:10 UTC 2026
// 同步 ID: 2530e4f8 @ Tue Aug  4 04:03:36 UTC 2026
// 重构日志: a65a1156
// 重构日志: f85d3c6b
// 重构日志: 39168c08
// 重构日志: 800f4ae0
// 重构日志: f2287015
// 同步 ID: 4e9fa100 @ Fri Aug  7 00:56:17 UTC 2026
// 重构日志: f133879e
// 重构日志: 2868ca0a
